[9264] [ALW] [Engine] [External(0)] [External()] [2025-05-18T12:22:55.999Z]: prism: Info: GPU 0
[9264] [ALW] [Engine] [External(0)] [External()] [2025-05-18T12:22:55.999Z]: prism: Info: name: NVIDIA GeForce GTX 1660 SUPER
[9264] [ALW] [Engine] [External(0)] [External()] [2025-05-18T12:22:55.999Z]: prism: Info: driverVersion: 32.0.15.6109
[9264] [ALW] [Engine] [External(0)] [External()] [2025-05-18T12:22:55.999Z]: prism: Info: driverDate: 2024-09-05T00:00:00Z
[9264] [ALW] [Engine] [External(0)] [External()] [2025-05-18T12:22:55.999Z]: prism: Info: vendorId: NVIDIA
[9264] [ALW] [Engine] [External(0)] [External()] [2025-05-18T12:22:55.999Z]: prism: Info: deviceId: 0x21c4
[9264] [ALW] [Engine] [External(0)] [External()] [2025-05-18T12:22:55.999Z]: prism: Info: subsystemVendorId: 0x10de
[9264] [ALW] [Engine] [External(0)] [External()] [2025-05-18T12:22:55.999Z]: prism: Info: subsystemId: 0x13d3
[9264] [ALW] [Engine] [External(0)] [External()] [2025-05-18T12:22:55.999Z]: prism: Info: revisionId: 0xa1
[9264] [ALW] [Engine] [External(0)] [External()] [2025-05-18T12:22:55.999Z]: prism: Info: location: 1
[9264] [ALW] [Engine] [External(0)] [External()] [2025-05-18T12:22:55.999Z]: prism: Info: type: Discrete
[9264] [ALW] [Engine] [External(0)] [External()] [2025-05-18T12:22:55.999Z]: prism: Info: virtualizationMode: None
[9264] [ALW] [Engine] [External(0)] [External()] [2025-05-18T12:22:55.999Z]: prism: Info: luid: 0x000000000000ccc9
[9264] [ALW] [Engine] [External(0)] [External()] [2025-05-18T12:22:55.999Z]: prism: Info: index: 0
[9264] [ALW] [Engine] [External(0)] [External()] [2025-05-18T12:22:55.999Z]: prism: Info: systemId: 0x00000000a639f44a
[9264] [ALW] [Engine] [External(0)] [External()] [2025-05-18T12:22:55.999Z]: prism: Info: Hybrid Graphics: 0
[9264] [ALW] [Engine] [External(0)] [External()] [2025-05-18T12:22:55.999Z]: prism: Info: memory: 5966 MiB
[9264] [ALW] [Engine] [External(0)] [External()] [2025-05-18T12:22:55.999Z]: prism: Info: sharedMemory: 5966 MiB
[9264] [ALW] [Engine] [External(0)] [External()] [2025-05-18T12:22:55.999Z]: prism: Info: Max queues: 1 graphics, 1 compute, 1 copy
[9264] [ALW] [Engine] [External(0)] [External()] [2025-05-18T12:22:56.399Z]: prism: Info: Display 0
[9264] [ALW] [Engine] [External(0)] [External()] [2025-05-18T12:22:56.399Z]: prism: Info: name: DP
[9264] [ALW] [Engine] [External(0)] [External()] [2025-05-18T12:22:56.399Z]: prism: Info: pos: 0,0
[9264] [ALW] [Engine] [External(0)] [External()] [2025-05-18T12:22:56.399Z]: prism: Info: size: 1920x1080
[9264] [ALW] [Engine] [External(0)] [External()] [2025-05-18T12:22:56.399Z]: prism: Info: refreshRate: 60/1
[9264] [ALW] [Engine] [External(0)] [External()] [2025-05-18T12:22:56.399Z]: prism: Info: manufacturerId: 0xb43e
[9264] [ALW] [Engine] [External(0)] [External()] [2025-05-18T12:22:56.399Z]: prism: Info: productId: 0x0270
[9264] [ALW] [Engine] [External(0)] [External()] [2025-05-18T12:22:56.399Z]: prism: Info: systemId: 0x00000000d7a2c894
[9264] [ALW] [Engine] [External(0)] [External()] [2025-05-18T12:22:56.399Z]: prism: Info: nativeIndex: 1
[9264] [ALW] [Engine] [External(0)] [External()] [2025-05-18T12:22:56.399Z]: prism: Info: nativeSize: 1920x1080
[9264] [ALW] [Engine] [External(0)] [External()] [2025-05-18T12:22:56.399Z]: prism: Info: nativeRefreshRate: 60/1
[9264] [ALW] [Engine] [External(0)] [External()] [2025-05-18T12:22:56.399Z]: prism: Info: supports4k: 0
[9264] [ALW] [Engine] [External(0)] [External()] [2025-05-18T12:22:56.399Z]: prism: Info: supportsHdr: 0
[9264] [ALW] [Engine] [External(0)] [External()] [2025-05-18T12:22:56.399Z]: prism: Info: supports120Hz: 0
[9264] [ALW] [Engine] [External(0)] [External()] [2025-05-18T12:22:56.399Z]: prism: Info: isPrimary: 1
[9264] [ALW] [Engine] [External(0)] [External()] [2025-05-18T12:22:56.399Z]: prism: Info: hdrEnabled: 0
[9264] [ALW] [Engine] [External(0)] [External()] [2025-05-18T12:22:56.399Z]: prism: Info: isInternal: 0
[9264] [ALW] [Engine] [External(0)] [External()] [2025-05-18T12:22:56.399Z]: prism: Info: freesync: 0
[9264] [ALW] [Engine] [External(0)] [External()] [2025-05-18T12:22:56.399Z]: prism: Info: mode count: 96
[9264] [ALW] [Engine] [External(0)] [External()] [2025-05-18T12:22:56.399Z]: prism: Info: --------------------------------------------
[9264] [ALW] [Engine] [External(0)] [External()] [2025-05-18T12:22:56.399Z]: Enumerated 1 adapters.
[9264] [ALW] [Engine] [External(0)] [External()] [2025-05-18T12:22:56.399Z]: Selected GPU: NVIDIA GeForce GTX 1660 SUPER
[9264] [ALW] [Engine] [External(0)] [External()] [2025-05-18T12:22:56.399Z]: Selected Display: DP
[9264] [ALW] [Engine] [External(0)] [External()] [2025-05-18T12:22:56.399Z]: Selected Graphics API: Dx11
[9264] [ALW] [Engine] [External(0)] [External()] [2025-05-18T12:22:56.399Z]: Selected VidDeviceType: Dx11
[9264] [ALW] [Engine] [External(0)] [External()] [2025-05-18T12:22:57.988Z]: Render Thread startup time: 0.888178 secs
[9264] [NRM] [VoiceChat] [External(0)] [External()] [2025-05-18T12:22:58.711Z]: ==[VC] Client begin initialize
[9264] [NRM] [VoiceChat] [External(0)] [External()] [2025-05-18T12:22:58.711Z]: ==[VC] Client initialized
[9264] [NRM] [VoiceChat] [External(0)] [External()] [2025-05-18T12:22:58.711Z]: ==[VC] DetermineVoiceChatAudioDevices
[9264] [NRM] [VoiceChat] [External(0)] [External()] [2025-05-18T12:23:00.045Z]: ==[VC] Devices started
[9264] [NRM] [VoiceChat] [External(0)] [External()] [2025-05-18T12:23:00.045Z]: ==[VC] Client started
[9264] [NRM] [VoiceChat] [External(0)] [External()] [2025-05-18T12:23:00.045Z]: ==[VC] SetTargetOutputDevice DP(NVIDIA High Definition Audio)
[9264] [NRM] [VoiceChat] [External(0)] [External()] [2025-05-18T12:23:00.045Z]: ==[VC] SetTargetInputDevice 마이크(Voicemod Virtual Audio Device (WDM))
[9264] [NRM] [VoiceChat] [External(0)] [External()] [2025-05-18T12:23:00.135Z]: #=[VC] ResponseGetOutputDevices 01 0(0:811c9dc5) (Default System Device|Default System Device) ({0.0.0.00000000}.{8750611f-2ab5-427b-9437-980f346a1c13}|DP(NVIDIA High Definition Audio)) ({0.0.0.00000000}.{8750611f-2ab5-427b-9437-980f346a1c13}|DP(NVIDIA High Definition Audio)) ({0.0.0.00000000}.{c6d08eb7-bf33-4895-a5ee-99fc62e53192}|헤드폰(THS320))
[9264] [NRM] [VoiceChat] [External(0)] [External()] [2025-05-18T12:23:00.135Z]: ==[VC] Output devices added [(Default Communication Device|Default Communication Device),(Default System Device|Default System Device),(No Device|No Device),({0.0.0.00000000}.{8750611f-2ab5-427b-9437-980f346a1c13}|DP(NVIDIA High Definition Audio)),({0.0.0.00000000}.{88fe1cce-2b55-415e-b052-e8c307bb7883}|라인(Voicemod Virtual Audio Device (WDM))),({0.0.0.00000000}.{c6d08eb7-bf33-4895-a5ee-99fc62e53192}|헤드폰(THS320))]
[9264] [NRM] [VoiceChat] [External(0)] [External()] [2025-05-18T12:23:00.135Z]: ==[VC] New active output device (Default System Device|Default System Device)
[9264] [NRM] [VoiceChat] [External(0)] [External()] [2025-05-18T12:23:00.157Z]: ==[VC] SetTargetOutputDevice DP(NVIDIA High Definition Audio)
[9264] [NRM] [VoiceChat] [External(0)] [External()] [2025-05-18T12:23:00.157Z]: ==[VC] SetTargetInputDevice 마이크(Voicemod Virtual Audio Device (WDM))
[9264] [NRM] [VoiceChat] [External(0)] [External()] [2025-05-18T12:23:00.212Z]: #=[VC] ResponseGetInputDevices 01 0(0:811c9dc5) (Default System Device|Default System Device) ({0.0.1.00000000}.{5bfdb939-d82e-4368-b7b0-045dc19851b4}|마이크(Voicemod Virtual Audio Device (WDM))) ({0.0.1.00000000}.{5bfdb939-d82e-4368-b7b0-045dc19851b4}|마이크(Voicemod Virtual Audio Device (WDM))) ({0.0.1.00000000}.{5bfdb939-d82e-4368-b7b0-045dc19851b4}|마이크(Voicemod Virtual Audio Device (WDM)))
[9264] [NRM] [VoiceChat] [External(0)] [External()] [2025-05-18T12:23:00.212Z]: ==[VC] Input devices added [(Default Communication Device|Default Communication Device),(Default System Device|Default System Device),(No Device|No Device),({0.0.1.00000000}.{069d50fa-9898-4e4f-917f-776b1450eaa3}|마이크(THS320)),({0.0.1.00000000}.{5bfdb939-d82e-4368-b7b0-045dc19851b4}|마이크(Voicemod Virtual Audio Device (WDM)))]
[9264] [NRM] [VoiceChat] [External(0)] [External()] [2025-05-18T12:23:00.212Z]: ==[VC] New active input device (Default System Device|Default System Device)
[9264] [NRM] [VoiceChat] [External(0)] [External()] [2025-05-18T12:23:00.213Z]: ==[VC] SetTargetOutputDevice DP(NVIDIA High Definition Audio)
[9264] [NRM] [VoiceChat] [External(0)] [External()] [2025-05-18T12:23:00.213Z]: ==[VC] SetTargetInputDevice 마이크(Voicemod Virtual Audio Device (WDM))
[9264] [NRM] [VoiceChat] [External(0)] [External()] [2025-05-18T12:23:00.280Z]: #=[VC] ResponseGetOutputDevices 01 0(0:811c9dc5) (Default System Device|Default System Device) ({0.0.0.00000000}.{8750611f-2ab5-427b-9437-980f346a1c13}|DP(NVIDIA High Definition Audio)) ({0.0.0.00000000}.{8750611f-2ab5-427b-9437-980f346a1c13}|DP(NVIDIA High Definition Audio)) ({0.0.0.00000000}.{c6d08eb7-bf33-4895-a5ee-99fc62e53192}|헤드폰(THS320))
[9264] [NRM] [VoiceChat] [External(0)] [External()] [2025-05-18T12:23:00.313Z]: #=[VC] ResponseGetInputDevices 01 0(0:811c9dc5) (Default System Device|Default System Device) ({0.0.1.00000000}.{5bfdb939-d82e-4368-b7b0-045dc19851b4}|마이크(Voicemod Virtual Audio Device (WDM))) ({0.0.1.00000000}.{5bfdb939-d82e-4368-b7b0-045dc19851b4}|마이크(Voicemod Virtual Audio Device (WDM))) ({0.0.1.00000000}.{5bfdb939-d82e-4368-b7b0-045dc19851b4}|마이크(Voicemod Virtual Audio Device (WDM)))
[9264] [NRM] [VoiceChat] [External(0)] [External()] [2025-05-18T12:23:00.363Z]: ==[VC] RequestSetActiveOutputDevice ({0.0.0.00000000}.{8750611f-2ab5-427b-9437-980f346a1c13}|DP(NVIDIA High Definition Audio))
[9264] [NRM] [VoiceChat] [External(0)] [External()] [2025-05-18T12:23:00.363Z]: ==[VC] RequestSetActiveInputDevice ({0.0.1.00000000}.{5bfdb939-d82e-4368-b7b0-045dc19851b4}|마이크(Voicemod Virtual Audio Device (WDM)))
[9264] [NRM] [VoiceChat] [External(0)] [External()] [2025-05-18T12:23:00.397Z]: #=[VC] ResponseSetActiveOutputDevice 02 0(0:811c9dc5) 
[9264] [NRM] [VoiceChat] [External(0)] [External()] [2025-05-18T12:23:00.397Z]: ==[VC] New active output device ({0.0.0.00000000}.{8750611f-2ab5-427b-9437-980f346a1c13}|DP(NVIDIA High Definition Audio))
[9264] [NRM] [VoiceChat] [External(0)] [External()] [2025-05-18T12:23:00.397Z]: #=[VC] ResponseSetActiveInputDevice 02 0(0:811c9dc5) 
[9264] [NRM] [VoiceChat] [External(0)] [External()] [2025-05-18T12:23:00.397Z]: ==[VC] New active input device ({0.0.1.00000000}.{5bfdb939-d82e-4368-b7b0-045dc19851b4}|마이크(Voicemod Virtual Audio Device (WDM)))
[9264] [NRM] [VoiceChat] [External(0)] [External()] [2025-05-18T12:29:55.509Z]: ==[VC] AboutToShutdown
[9264] [NRM] [VoiceChat] [External(0)] [External()] [2025-05-18T12:29:55.509Z]: ==[VC] Request stop
[9264] [NRM] [VoiceChat] [External(0)] [External()] [2025-05-18T12:29:55.509Z]: ==[VC] Cancel all queued trackers 0
[9264] [NRM] [VoiceChat] [External(0)] [External()] [2025-05-18T12:29:55.515Z]: ==[VC] Stop complete
[9264] [NRM] [VoiceChat] [External(0)] [External()] [2025-05-18T12:29:57.904Z]: ==[VC] Shutdown
